

================================================================
== Vivado HLS Report for 'mux_onehot'
================================================================
* Date:           Thu Apr  8 05:50:02 2021

* Version:        2019.2 (Build 2704478 on Wed Nov 06 22:10:23 MST 2019)
* Project:        Multiplexor
* Solution:       solution1
* Product family: zynq
* Target device:  xc7z020-clg400-1


================================================================
== Performance Estimates
================================================================
+ Timing: 
    * Summary: 
    +--------+----------+----------+------------+
    |  Clock |  Target  | Estimated| Uncertainty|
    +--------+----------+----------+------------+
    |ap_clk  | 10.00 ns | 6.543 ns |   1.25 ns  |
    +--------+----------+----------+------------+

+ Latency: 
    * Summary: 
    +---------+---------+----------+----------+-----+-----+---------+
    |  Latency (cycles) |  Latency (absolute) |  Interval | Pipeline|
    |   min   |   max   |    min   |    max   | min | max |   Type  |
    +---------+---------+----------+----------+-----+-----+---------+
    |        0|        0|   0 ns   |   0 ns   |    0|    0|   none  |
    +---------+---------+----------+----------+-----+-----+---------+

    + Detail: 
        * Instance: 
        N/A

        * Loop: 
        N/A



================================================================
== Utilization Estimates
================================================================
* Summary: 
+-----------------+---------+-------+--------+-------+-----+
|       Name      | BRAM_18K| DSP48E|   FF   |  LUT  | URAM|
+-----------------+---------+-------+--------+-------+-----+
|DSP              |        -|      -|       -|      -|    -|
|Expression       |        -|      -|       0|    168|    -|
|FIFO             |        -|      -|       -|      -|    -|
|Instance         |        -|      -|       -|      -|    -|
|Memory           |        -|      -|       -|      -|    -|
|Multiplexer      |        -|      -|       -|      -|    -|
|Register         |        -|      -|       -|      -|    -|
+-----------------+---------+-------+--------+-------+-----+
|Total            |        0|      0|       0|    168|    0|
+-----------------+---------+-------+--------+-------+-----+
|Available        |      280|    220|  106400|  53200|    0|
+-----------------+---------+-------+--------+-------+-----+
|Utilization (%)  |        0|      0|       0|   ~0  |    0|
+-----------------+---------+-------+--------+-------+-----+

+ Detail: 
    * Instance: 
    N/A

    * DSP48E: 
    N/A

    * Memory: 
    N/A

    * FIFO: 
    N/A

    * Expression: 
    +------------------------+----------+-------+---+----+------------+------------+
    |      Variable Name     | Operation| DSP48E| FF| LUT| Bitwidth P0| Bitwidth P1|
    +------------------------+----------+-------+---+----+------------+------------+
    |icmp_ln7_1_fu_98_p2     |   icmp   |      0|  0|  11|           8|           7|
    |icmp_ln7_2_fu_104_p2    |   icmp   |      0|  0|  11|           8|           6|
    |icmp_ln7_3_fu_110_p2    |   icmp   |      0|  0|  11|           8|           5|
    |icmp_ln7_4_fu_116_p2    |   icmp   |      0|  0|  11|           8|           4|
    |icmp_ln7_5_fu_122_p2    |   icmp   |      0|  0|  11|           8|           3|
    |icmp_ln7_6_fu_128_p2    |   icmp   |      0|  0|  11|           8|           2|
    |icmp_ln7_7_fu_134_p2    |   icmp   |      0|  0|  11|           8|           1|
    |icmp_ln7_fu_92_p2       |   icmp   |      0|  0|  13|           8|           9|
    |or_ln7_1_fu_162_p2      |    or    |      0|  0|   2|           1|           1|
    |or_ln7_2_fu_176_p2      |    or    |      0|  0|   2|           1|           1|
    |or_ln7_3_fu_190_p2      |    or    |      0|  0|   2|           1|           1|
    |or_ln7_4_fu_204_p2      |    or    |      0|  0|   2|           1|           1|
    |or_ln7_5_fu_218_p2      |    or    |      0|  0|   2|           1|           1|
    |or_ln7_6_fu_232_p2      |    or    |      0|  0|   2|           1|           1|
    |or_ln7_fu_148_p2        |    or    |      0|  0|   2|           1|           1|
    |ap_return               |  select  |      0|  0|   8|           1|           8|
    |select_ln7_1_fu_154_p3  |  select  |      0|  0|   8|           1|           8|
    |select_ln7_2_fu_168_p3  |  select  |      0|  0|   8|           1|           8|
    |select_ln7_3_fu_182_p3  |  select  |      0|  0|   8|           1|           8|
    |select_ln7_4_fu_196_p3  |  select  |      0|  0|   8|           1|           8|
    |select_ln7_5_fu_210_p3  |  select  |      0|  0|   8|           1|           8|
    |select_ln7_6_fu_224_p3  |  select  |      0|  0|   8|           1|           8|
    |select_ln7_fu_140_p3    |  select  |      0|  0|   8|           1|           8|
    +------------------------+----------+-------+---+----+------------+------------+
    |Total                   |          |      0|  0| 168|          79|         108|
    +------------------------+----------+-------+---+----+------------+------------+

    * Multiplexer: 
    N/A

    * Register: 
    N/A



================================================================
== Interface
================================================================
* Summary: 
+--------------+-----+-----+------------+--------------+--------------+
|   RTL Ports  | Dir | Bits|  Protocol  | Source Object|    C Type    |
+--------------+-----+-----+------------+--------------+--------------+
|ap_ready      | out |    1| ap_ctrl_hs |  mux_onehot  | return value |
|ap_return     | out |    8| ap_ctrl_hs |  mux_onehot  | return value |
|din_0_V_read  |  in |    8|   ap_none  | din_0_V_read |    scalar    |
|din_1_V_read  |  in |    8|   ap_none  | din_1_V_read |    scalar    |
|din_2_V_read  |  in |    8|   ap_none  | din_2_V_read |    scalar    |
|din_3_V_read  |  in |    8|   ap_none  | din_3_V_read |    scalar    |
|din_4_V_read  |  in |    8|   ap_none  | din_4_V_read |    scalar    |
|din_5_V_read  |  in |    8|   ap_none  | din_5_V_read |    scalar    |
|din_6_V_read  |  in |    8|   ap_none  | din_6_V_read |    scalar    |
|din_7_V_read  |  in |    8|   ap_none  | din_7_V_read |    scalar    |
|sel_V         |  in |    8|   ap_none  |     sel_V    |    scalar    |
+--------------+-----+-----+------------+--------------+--------------+

