

================================================================
== Vivado HLS Report for 'leading_ones_templat'
================================================================
* Date:           Thu Apr  8 05:50:00 2021

* Version:        2019.2 (Build 2704478 on Wed Nov 06 22:10:23 MST 2019)
* Project:        Multiplexor
* Solution:       solution1
* Product family: zynq
* Target device:  xc7z020-clg400-1


================================================================
== Performance Estimates
================================================================
+ Timing: 
    * Summary: 
    +--------+----------+----------+------------+
    |  Clock |  Target  | Estimated| Uncertainty|
    +--------+----------+----------+------------+
    |ap_clk  | 10.00 ns | 6.483 ns |   1.25 ns  |
    +--------+----------+----------+------------+

+ Latency: 
    * Summary: 
    +---------+---------+----------+----------+-----+-----+---------+
    |  Latency (cycles) |  Latency (absolute) |  Interval | Pipeline|
    |   min   |   max   |    min   |    max   | min | max |   Type  |
    +---------+---------+----------+----------+-----+-----+---------+
    |        0|        0|   0 ns   |   0 ns   |    0|    0|   none  |
    +---------+---------+----------+----------+-----+-----+---------+

    + Detail: 
        * Instance: 
        N/A

        * Loop: 
        N/A

============================================================
+ Verbose Summary: Synthesis Manager
============================================================
InlineROM: 1
ExposeGlobal: 0
============================================================
+ Verbose Summary: CDFG Model
============================================================
IsTopModel: 0
ResetActiveHigh: 1
IsCombinational: 0
IsDatapathOnly: 0
HasWiredReturn: 1
HasMFsm: 0
HasVarLatency: 0
IsPipeline: 0
IsRtlPipelined: 0
IsInstanceOverlapped: 0
IsDontTouch: 0
HasImplIP: 0
IsGatedGlobalClock: 0


============================================================
+ Verbose Summary: Schedule
============================================================
* Number of FSM states : 1
* Pipeline : 0
* Dataflow Pipeline: 0

* FSM state transitions: 
1 --> 

* FSM state operations: 

State 1 <SV = 0> <Delay = 6.48>
ST_1 : Operation 2 [1/1] (0.00ns)   --->   "%din_V_read_1 = call i32 @_ssdm_op_Read.ap_auto.i32(i32 %din_V_read)" [Multiplexor/leading_ones_template.cpp:4]   --->   Operation 2 'read' 'din_V_read_1' <Predicate = true> <Delay = 0.00>
ST_1 : Operation 3 [1/1] (6.48ns)   --->   "%call_ret = call fastcc { i1, i5 } @"leading_ones<32>"(i32 %din_V_read_1)" [Multiplexor/leading_ones_template.cpp:8]   --->   Operation 3 'call' 'call_ret' <Predicate = true> <Delay = 6.48> <CoreType = "Generic">   --->   Core 0 '' <Latency = 0> <II = 1> <Delay = 1.00> <Generic> <Opcode : >
ST_1 : Operation 4 [1/1] (0.00ns)   --->   "ret { i1, i5 } %call_ret" [Multiplexor/leading_ones_template.cpp:8]   --->   Operation 4 'ret' <Predicate = true> <Delay = 0.00>


============================================================
+ Verbose Summary: Timing violations
============================================================
Target clock period: 10ns, clock uncertainty: 1.25ns.

 <State 1>: 6.48ns
The critical path consists of the following:
	wire read on port 'din_V_read' (Multiplexor/leading_ones_template.cpp:4) [2]  (0 ns)
	'call' operation ('call_ret', Multiplexor/leading_ones_template.cpp:8) to 'leading_ones<32>' [3]  (6.48 ns)


============================================================
+ Verbose Summary: Binding
============================================================
N/A
* FSMD analyzer results:
  - Output states:
 - Input state : 
  - Chain level:
	State 1


============================================================
+ Verbose Summary: Datapath Resource usage 
============================================================
N/A
